// Jest Snapshot v1, https://goo.gl/fbAQLP

exports[`HomePage should match the snapshot 1`] = `
ShallowWrapper {
  Symbol(enzyme.__root__): [Circular],
  Symbol(enzyme.__unrendered__): <HomePage
    location={
      Object {
        "pathname": "/",
      }
    }
  />,
  Symbol(enzyme.__renderer__): Object {
    "batchedUpdates": [Function],
    "getNode": [Function],
    "render": [Function],
    "simulateError": [Function],
    "simulateEvent": [Function],
    "unmount": [Function],
  },
  Symbol(enzyme.__node__): Object {
    "instance": null,
    "key": undefined,
    "nodeType": "host",
    "props": Object {
      "children": Array [
        <h1
          className="home-title"
        >
          PROVIDING CHILDREN IN NEED
          <br />
          THE OPPORTUNITY TO SHOP FOR NEW WINTER CLOTHING
        </h1>,
        <NavLink
          activeClassName="active"
          aria-current="page"
          className="donate-btn"
          exact={true}
          to="/donate"
        >
          Donate
        </NavLink>,
      ],
      "className": "home-card",
    },
    "ref": null,
    "rendered": Array [
      Object {
        "instance": null,
        "key": undefined,
        "nodeType": "host",
        "props": Object {
          "children": Array [
            "PROVIDING CHILDREN IN NEED",
            <br />,
            "THE OPPORTUNITY TO SHOP FOR NEW WINTER CLOTHING",
          ],
          "className": "home-title",
        },
        "ref": null,
        "rendered": Array [
          "PROVIDING CHILDREN IN NEED",
          Object {
            "instance": null,
            "key": undefined,
            "nodeType": "host",
            "props": Object {},
            "ref": null,
            "rendered": null,
            "type": "br",
          },
          "THE OPPORTUNITY TO SHOP FOR NEW WINTER CLOTHING",
        ],
        "type": "h1",
      },
      Object {
        "instance": null,
        "key": undefined,
        "nodeType": "function",
        "props": Object {
          "activeClassName": "active",
          "aria-current": "page",
          "children": "Donate",
          "className": "donate-btn",
          "exact": true,
          "to": "/donate",
        },
        "ref": null,
        "rendered": "Donate",
        "type": [Function],
      },
    ],
    "type": "div",
  },
  Symbol(enzyme.__nodes__): Array [
    Object {
      "instance": null,
      "key": undefined,
      "nodeType": "host",
      "props": Object {
        "children": Array [
          <h1
            className="home-title"
          >
            PROVIDING CHILDREN IN NEED
            <br />
            THE OPPORTUNITY TO SHOP FOR NEW WINTER CLOTHING
          </h1>,
          <NavLink
            activeClassName="active"
            aria-current="page"
            className="donate-btn"
            exact={true}
            to="/donate"
          >
            Donate
          </NavLink>,
        ],
        "className": "home-card",
      },
      "ref": null,
      "rendered": Array [
        Object {
          "instance": null,
          "key": undefined,
          "nodeType": "host",
          "props": Object {
            "children": Array [
              "PROVIDING CHILDREN IN NEED",
              <br />,
              "THE OPPORTUNITY TO SHOP FOR NEW WINTER CLOTHING",
            ],
            "className": "home-title",
          },
          "ref": null,
          "rendered": Array [
            "PROVIDING CHILDREN IN NEED",
            Object {
              "instance": null,
              "key": undefined,
              "nodeType": "host",
              "props": Object {},
              "ref": null,
              "rendered": null,
              "type": "br",
            },
            "THE OPPORTUNITY TO SHOP FOR NEW WINTER CLOTHING",
          ],
          "type": "h1",
        },
        Object {
          "instance": null,
          "key": undefined,
          "nodeType": "function",
          "props": Object {
            "activeClassName": "active",
            "aria-current": "page",
            "children": "Donate",
            "className": "donate-btn",
            "exact": true,
            "to": "/donate",
          },
          "ref": null,
          "rendered": "Donate",
          "type": [Function],
        },
      ],
      "type": "div",
    },
  ],
  Symbol(enzyme.__options__): Object {
    "adapter": ReactSixteenAdapter {
      "options": Object {
        "enableComponentDidUpdateOnSetState": true,
        "lifecycles": Object {
          "componentDidUpdate": Object {
            "onSetState": true,
          },
          "getDerivedStateFromProps": true,
          "getSnapshotBeforeUpdate": true,
          "setState": Object {
            "skipsComponentDidUpdateOnNullish": true,
          },
        },
      },
    },
  },
}
`;
