// Jest Snapshot v1, https://goo.gl/fbAQLP

exports[`DonatePage should match the snapshot 1`] = `
ShallowWrapper {
  Symbol(enzyme.__root__): [Circular],
  Symbol(enzyme.__unrendered__): <DonatePage
    location={
      Object {
        "pathname": "/donate",
      }
    }
  />,
  Symbol(enzyme.__renderer__): Object {
    "batchedUpdates": [Function],
    "getNode": [Function],
    "render": [Function],
    "simulateError": [Function],
    "simulateEvent": [Function],
    "unmount": [Function],
  },
  Symbol(enzyme.__node__): Object {
    "instance": null,
    "key": undefined,
    "nodeType": "host",
    "props": Object {
      "children": <Provider
        apiKey="pk_test_hANH4uSlssQdfIxxHpPwbzPd"
      >
        <div
          className="donate-section"
        >
          <h1
            className="main-title"
          >
            Donate
          </h1>
          <hr
            className="horizontal-rule"
          />
          <Elements>
            <InjectStripe(DonateForm) />
          </Elements>
        </div>
      </Provider>,
      "className": "donate-card",
    },
    "ref": null,
    "rendered": Object {
      "instance": null,
      "key": undefined,
      "nodeType": "class",
      "props": Object {
        "apiKey": "pk_test_hANH4uSlssQdfIxxHpPwbzPd",
        "children": <div
          className="donate-section"
        >
          <h1
            className="main-title"
          >
            Donate
          </h1>
          <hr
            className="horizontal-rule"
          />
          <Elements>
            <InjectStripe(DonateForm) />
          </Elements>
        </div>,
        "stripe": undefined,
      },
      "ref": null,
      "rendered": Object {
        "instance": null,
        "key": undefined,
        "nodeType": "host",
        "props": Object {
          "children": Array [
            <h1
              className="main-title"
            >
              Donate
            </h1>,
            <hr
              className="horizontal-rule"
            />,
            <Elements>
              <InjectStripe(DonateForm) />
            </Elements>,
          ],
          "className": "donate-section",
        },
        "ref": null,
        "rendered": Array [
          Object {
            "instance": null,
            "key": undefined,
            "nodeType": "host",
            "props": Object {
              "children": "Donate",
              "className": "main-title",
            },
            "ref": null,
            "rendered": "Donate",
            "type": "h1",
          },
          Object {
            "instance": null,
            "key": undefined,
            "nodeType": "host",
            "props": Object {
              "className": "horizontal-rule",
            },
            "ref": null,
            "rendered": null,
            "type": "hr",
          },
          Object {
            "instance": null,
            "key": undefined,
            "nodeType": "class",
            "props": Object {
              "children": <InjectStripe(DonateForm) />,
            },
            "ref": null,
            "rendered": Object {
              "instance": null,
              "key": undefined,
              "nodeType": "class",
              "props": Object {},
              "ref": null,
              "rendered": null,
              "type": [Function],
            },
            "type": [Function],
          },
        ],
        "type": "div",
      },
      "type": [Function],
    },
    "type": "div",
  },
  Symbol(enzyme.__nodes__): Array [
    Object {
      "instance": null,
      "key": undefined,
      "nodeType": "host",
      "props": Object {
        "children": <Provider
          apiKey="pk_test_hANH4uSlssQdfIxxHpPwbzPd"
        >
          <div
            className="donate-section"
          >
            <h1
              className="main-title"
            >
              Donate
            </h1>
            <hr
              className="horizontal-rule"
            />
            <Elements>
              <InjectStripe(DonateForm) />
            </Elements>
          </div>
        </Provider>,
        "className": "donate-card",
      },
      "ref": null,
      "rendered": Object {
        "instance": null,
        "key": undefined,
        "nodeType": "class",
        "props": Object {
          "apiKey": "pk_test_hANH4uSlssQdfIxxHpPwbzPd",
          "children": <div
            className="donate-section"
          >
            <h1
              className="main-title"
            >
              Donate
            </h1>
            <hr
              className="horizontal-rule"
            />
            <Elements>
              <InjectStripe(DonateForm) />
            </Elements>
          </div>,
          "stripe": undefined,
        },
        "ref": null,
        "rendered": Object {
          "instance": null,
          "key": undefined,
          "nodeType": "host",
          "props": Object {
            "children": Array [
              <h1
                className="main-title"
              >
                Donate
              </h1>,
              <hr
                className="horizontal-rule"
              />,
              <Elements>
                <InjectStripe(DonateForm) />
              </Elements>,
            ],
            "className": "donate-section",
          },
          "ref": null,
          "rendered": Array [
            Object {
              "instance": null,
              "key": undefined,
              "nodeType": "host",
              "props": Object {
                "children": "Donate",
                "className": "main-title",
              },
              "ref": null,
              "rendered": "Donate",
              "type": "h1",
            },
            Object {
              "instance": null,
              "key": undefined,
              "nodeType": "host",
              "props": Object {
                "className": "horizontal-rule",
              },
              "ref": null,
              "rendered": null,
              "type": "hr",
            },
            Object {
              "instance": null,
              "key": undefined,
              "nodeType": "class",
              "props": Object {
                "children": <InjectStripe(DonateForm) />,
              },
              "ref": null,
              "rendered": Object {
                "instance": null,
                "key": undefined,
                "nodeType": "class",
                "props": Object {},
                "ref": null,
                "rendered": null,
                "type": [Function],
              },
              "type": [Function],
            },
          ],
          "type": "div",
        },
        "type": [Function],
      },
      "type": "div",
    },
  ],
  Symbol(enzyme.__options__): Object {
    "adapter": ReactSixteenAdapter {
      "options": Object {
        "enableComponentDidUpdateOnSetState": true,
        "lifecycles": Object {
          "componentDidUpdate": Object {
            "onSetState": true,
          },
          "getDerivedStateFromProps": true,
          "getSnapshotBeforeUpdate": true,
          "setState": Object {
            "skipsComponentDidUpdateOnNullish": true,
          },
        },
      },
    },
  },
}
`;
